⚡️ @cloudflare/next-on-pages CLI v.1.13.16
⚡️ Detected Package Manager: npm (11.11.0)
⚡️ Preparing project...
⚡️ Project is ready
⚡️ Building project...
▲  WARNING! Build not running on Vercel. System environment variables will not be available.
▲
▲  Warning: Detected "engines": { "node": ">=20" } in your `package.json` that will automatically upgrade when a new major Node.js Version is released. Learn More: https://vercel.link/node-version
▲  WARNING: You should not upload the `.next` directory.
▲  Installing dependencies...
▲  up to date in 7s
▲  438 packages are looking for funding
▲  run `npm fund` for details
▲  Detected Next.js version: 15.5.12
▲  Running "npm run build"
▲  > app@0.1.0 prebuild
▲  > npm run generate:types
▲  > app@0.1.0 generate:types
▲  > npx tsx scripts/generate-sdk-types.ts
▲  🔧 Generating SDK type definitions for Monaco…
▲  📄 types.ts: 13 declarations
▲  🪝 AppEventBus.ts: 0 interfaces, 1 exports
▲  🪝 useACEReport.ts: 2 interfaces, 1 exports
▲  🪝 useAgentHandoff.ts: 1 interfaces, 1 exports
▲  🪝 useEncryptedSecret.ts: 1 interfaces, 1 exports
▲  🪝 useFetch.ts: 0 interfaces, 1 exports
▲  🪝 useGaslessTx.ts: 1 interfaces, 1 exports
▲  🪝 useImpactReport.ts: 1 interfaces, 1 exports
▲  🪝 useJupiterSwap.ts: 2 interfaces, 1 exports
▲  🪝 useMCPClient.ts: 2 interfaces, 1 exports
▲  🪝 useMCPServer.ts: 2 interfaces, 1 exports
▲  🪝 useNotification.ts: 2 interfaces, 1 exports
▲  🪝 usePortfolio.ts: 3 interfaces, 1 exports
▲  🪝 useSIWS.ts: 0 interfaces, 1 exports
▲  🪝 useStorage.ts: 1 interfaces, 1 exports
▲  🪝 useTaxForensics.ts: 3 interfaces, 1 exports
▲  🪝 useTheme.ts: 1 interfaces, 1 exports
▲  🪝 useTokenPrice.ts: 1 interfaces, 1 exports
▲  🪝 useTurnkey.ts: 0 interfaces, 1 exports
▲  🪝 useVault.ts: 0 interfaces, 1 exports
▲  🪝 useYieldOptimizer.ts: 1 interfaces, 1 exports
▲  ✅ Generated: src/generated/keystone-sdk-types.ts
▲  13 core types + 24 hook interfaces + 20 hook exports
▲  > app@0.1.0 build
▲  > cross-env NEXT_TELEMETRY_DISABLED=1 NEXT_PRIVATE_BUILD_WORKER_COUNT=1 NODE_OPTIONS=--max-old-space-size=4096 next build
▲  ▲ Next.js 15.5.12
▲
▲  Creating an optimized production build ...
▲  ✓ Compiled successfully in 47s
▲  Skipping linting
▲  Checking validity of types ...
