
> app@0.1.0 prebuild
> npm run generate:types


> app@0.1.0 generate:types
> npx tsx scripts/generate-sdk-types.ts

≡ƒöº Generating SDK type definitions for MonacoΓÇª

  ≡ƒôä types.ts: 13 declarations
  ≡ƒ¬¥ AppEventBus.ts: 0 interfaces, 1 exports
  ≡ƒ¬¥ useACEReport.ts: 2 interfaces, 1 exports
  ≡ƒ¬¥ useAgentHandoff.ts: 1 interfaces, 1 exports
  ≡ƒ¬¥ useEncryptedSecret.ts: 1 interfaces, 1 exports
  ≡ƒ¬¥ useFetch.ts: 0 interfaces, 1 exports
  ≡ƒ¬¥ useGaslessTx.ts: 1 interfaces, 1 exports
  ≡ƒ¬¥ useImpactReport.ts: 1 interfaces, 1 exports
  ≡ƒ¬¥ useJupiterSwap.ts: 2 interfaces, 1 exports
  ≡ƒ¬¥ useMCPClient.ts: 2 interfaces, 1 exports
  ≡ƒ¬¥ useMCPServer.ts: 2 interfaces, 1 exports
  ≡ƒ¬¥ useNotification.ts: 2 interfaces, 1 exports
  ≡ƒ¬¥ usePortfolio.ts: 3 interfaces, 1 exports
  ≡ƒ¬¥ useSIWS.ts: 0 interfaces, 1 exports
  ≡ƒ¬¥ useStorage.ts: 1 interfaces, 1 exports
  ≡ƒ¬¥ useTaxForensics.ts: 3 interfaces, 1 exports
  ≡ƒ¬¥ useTheme.ts: 1 interfaces, 1 exports
  ≡ƒ¬¥ useTokenPrice.ts: 1 interfaces, 1 exports
  ≡ƒ¬¥ useTurnkey.ts: 0 interfaces, 1 exports
  ≡ƒ¬¥ useVault.ts: 0 interfaces, 1 exports
  ≡ƒ¬¥ useYieldOptimizer.ts: 1 interfaces, 1 exports

Γ£à Generated: src\generated\keystone-sdk-types.ts
   13 core types + 24 hook interfaces + 20 hook exports

> app@0.1.0 build
> cross-env NEXT_TELEMETRY_DISABLED=1 NEXT_PRIVATE_BUILD_WORKER_COUNT=1 NODE_OPTIONS=--max-old-space-size=4096 next build

   Γû▓ Next.js 15.5.12
   - Environments: .env.local

   Creating an optimized production build ...
node.exe : Failed to 
compile.
At line:1 char:1
+ & "C:\Program 
Files\nodejs/node.exe" 
"C:\Program 
Files\nodejs/node_mo 
...
+ ~~~~~~~~~~~~~~~~~~~~~
~~~~~~~~~~~~~~~~~~~~~~~
~~~~~~~~~~~~~~~~~~~~~~~
~~
    + CategoryInfo     
         : NotSpecifi  
  ed: (Failed to com   
 pile.:String) [],     
RemoteException
    + FullyQualifiedEr 
   rorId : NativeComm  
  andError
 

./src/lib/auth/client.t
s
Module not found: 
Can't resolve '@neondat
abase/auth/next'

https://nextjs.org/docs
/messages/module-not-fo
und

Import trace for 
requested module:
./src/app/auth/page.tsx

./src/lib/auth/server.t
s
Module not found: 
Can't resolve '@neondat
abase/auth/next/server'

https://nextjs.org/docs
/messages/module-not-fo
und

Import trace for 
requested module:
./src/app/api/auth/[...
path]/route.ts


> Build failed because 
of webpack errors
